Microtec Research LNK68K  Version 7.0   Sun Jan 20 18:11:50 2019    Page   1

Command line: C:\ASM68K\LNK68K.EXE  -c LANG.CMD -m 

LIST D
*MAKE  ABS LANGL
*MAKE  @echo .
*MAKE  @echo .

SECT LANG=80000H
COMMON WORK=100000H
INDEX ?A5,WORK,8000H
LOAD LANG2,LANG3
PUBLIC GEN_LCHILD=24000H
PUBLIC GEN_PCHILD=24000H
PUBLIC COLOR_COM_SET=24000H
END
Microtec Research LNK68K  Version 7.0   Sun Jan 20 18:11:50 2019
    Page   2



OUTPUT MODULE NAME:    LANG
OUTPUT MODULE FORMAT:  IEEE


SECTION SUMMARY
---------------

SECTION    ATTRIBUTE                     START      END        LENGTH     ALIGN

LANG       NORMAL CODE                   00080000   00085301   00005302   2 (WORD)  
WORK       COMMON                        00100000   0010FFFF   00010000   2 (WORD)  


MODULE SUMMARY
--------------

MODULE         SECTION:START        SECTION:END       FILE

LANG2             LANG:00080000        LANG:000828FF  C:\AOF\LANG\LANG2.OBJ   
                  WORK:00100000        WORK:0010FFFF      
LANG3             LANG:00082900        LANG:00085301  C:\AOF\LANG\LANG3.OBJ   



START ADDRESS:   00000000

Link Completed 
