Microtec Research LNK68K  Version 7.0   Sat Jan 12 13:43:29 2019    Page   1

Command line: C:\ASM68K\LNK68K.EXE  -c LANG.CMD -m 

LIST D
*MAKE  ABS LANGL
*MAKE  @echo .
*MAKE  @echo .

SECT LANG=3D800H
COMMON WORK=100000H
INDEX ?A5,WORK,8000H
LOAD LANG2,LANG3
ERROR: (332) Object contains errors in module LANG3 in file LANG3
PUBLIC GEN_LCHILD=24000H
PUBLIC GEN_PCHILD=24000H
PUBLIC COLOR_COM_SET=24000H
END
Microtec Research LNK68K  Version 7.0   Sat Jan 12 13:43:29 2019
    Page   2



OUTPUT MODULE NAME:    LANG
OUTPUT MODULE FORMAT:  IEEE


SECTION SUMMARY
---------------

SECTION    ATTRIBUTE                     START      END        LENGTH     ALIGN

LANG       NORMAL CODE                   0003D800   00042C23   00005424   2 (WORD)  
WORK       COMMON                        00100000   0010FFFF   00010000   2 (WORD)  


MODULE SUMMARY
--------------

MODULE         SECTION:START        SECTION:END       FILE

LANG2             LANG:0003D800        LANG:000401AF  C:\AOF\LANG\LANG2.OBJ   
                  WORK:00100000        WORK:0010FFFF      
LANG3             LANG:000401B0        LANG:00042C23  C:\AOF\LANG\LANG3.OBJ   



START ADDRESS:   00000000

Link Completed 


 Errors: 1, Warnings: 0
