Microtec Research LNK68K  Version 7.0   Sun Jan 20 18:50:48 2019    Page   1

Command line: C:\ASM68K\LNK68K.EXE  -c HK3.CMD -m 

LIST D,S
*MAKE  ABS HK3L
*MAKE  @echo .
*MAKE  @echo .

*MAKE !if $d(WORK)
*MAKE WORK=WORK.INC
*MAKE !endif

*MAKE !if $d(LABEL)
*MAKE LABEL=LABEL.INC
*MAKE !endif

*MAKE !if $d(GAME_SYM)
*MAKE GAME_SYM=GAME_SYM.INC
*MAKE !endif

SECT HK3=19000H

COMMON WORK=100000H
INDEX ?A5,WORK,8000H

LOAD GAME_SYM
LOAD HK3_TBL
LOAD HK3,HK3_SET,STATE_CHK,HK3_INT,HK3_SUB,COM_OPE
LOAD EM_DATA,EM_FRONT,EM_BACK,DEF_1P,DEF_2P,DEF2_1P,DEF2_2P
LOAD EM_P1,EM_P2
LOAD EM_SP1,EM_SP2,EM_SP3,EM_SP4,EM_SP5,EM_SCLIM
LOAD EM_SP6,EM_SP7,EM_SP8,EM_SP9,EM_SP10,EM_SP11
LOAD EM_SP1H,EM_SP2H,EM_SP3H,EM_SP4H,EM_SP5H
LOAD EM_SP6H,EM_SP7H,EM_SP8H,EM_SP9H,EM_SP10H
LOAD EM_SP11H,EMH_SCLIM
LOAD EM1_TBL,EM2_TBL,EM3_TBL,EM4_TBL
LOAD EM5_TBL,EM6_TBL,EM7_TBL,EM8_TBL
LOAD MOTION,EM_PACK,NEWS

END
Microtec Research LNK68K  Version 7.0   Sun Jan 20 18:50:48 2019
    Page   2



OUTPUT MODULE NAME:    HK3
OUTPUT MODULE FORMAT:  IEEE


SECTION SUMMARY
---------------

SECTION    ATTRIBUTE                     START      END        LENGTH     ALIGN

0          NORMAL                        00000000   00000000   00000000   2 (WORD)  
HK3        NORMAL CODE                   00019000   00025003   0000C004   2 (WORD)  
WORK       COMMON                        00100000   0010FFFF   00010000   2 (WORD)  


MODULE SUMMARY
--------------

MODULE         SECTION:START        SECTION:END       FILE

GAME_SYM             0:00000000           0:00000000  C:\AOF\EM\GAME_SYM.OBJ   
HK3_TBL            HK3:00019000         HK3:0001900B  C:\AOF\EM\HK3_TBL.OBJ   
HK3                HK3:0001900C         HK3:000195B3  C:\AOF\EM\HK3.OBJ   
                  WORK:00100000        WORK:0010FFFF      
HK3_SET            HK3:000195B4         HK3:00019FFF  C:\AOF\EM\HK3_SET.OBJ   
                  WORK:00100000        WORK:0010FFFF      
STATE_CH           HK3:0001A000         HK3:0001A16B  C:\AOF\EM\STATE_CHK.OBJ   
                  WORK:00100000        WORK:0010FFFF      
HK3_INT            HK3:0001A16C         HK3:0001A401  C:\AOF\EM\HK3_INT.OBJ   
                  WORK:00100000        WORK:0010FFFF      
HK3_SUB            HK3:0001A402         HK3:0001A731  C:\AOF\EM\HK3_SUB.OBJ   
                  WORK:00100000        WORK:0010FFFF      
COM_OPE            HK3:0001A732         HK3:0001AD9B  C:\AOF\EM\COM_OPE.OBJ   
                  WORK:00100000        WORK:0010FFFF      
EM_DATA            HK3:0001AD9C         HK3:0001B537  C:\AOF\EM\EM_DATA.OBJ   
EM_FRONT           HK3:0001B538         HK3:0001B701  C:\AOF\EM\EM_FRONT.OBJ   
EM_BACK            HK3:0001B702         HK3:0001B8C3  C:\AOF\EM\EM_BACK.OBJ   
DEF_1P             HK3:0001B8C4         HK3:0001BC7D  C:\AOF\EM\DEF_1P.OBJ   
DEF_2P             HK3:0001BC7E         HK3:0001C037  C:\AOF\EM\DEF_2P.OBJ   
DEF2_1P            HK3:0001C038         HK3:0001C3D9  C:\AOF\EM\DEF2_1P.OBJ   
DEF2_2P            HK3:0001C3DA         HK3:0001C781  C:\AOF\EM\DEF2_2P.OBJ   
EM_P1              HK3:0001C782         HK3:0001DAC3  C:\AOF\EM\EM_P1.OBJ   
EM_P2              HK3:0001DAC4         HK3:0001EDA3  C:\AOF\EM\EM_P2.OBJ   
EM_SP1             HK3:0001EDA4         HK3:0001EE85  C:\AOF\EM\EM_SP1.OBJ   
EM_SP2             HK3:0001EE86         HK3:0001EF79  C:\AOF\EM\EM_SP2.OBJ   
EM_SP3             HK3:0001EF7A         HK3:0001F095  C:\AOF\EM\EM_SP3.OBJ   
EM_SP4             HK3:0001F096         HK3:0001F16B  C:\AOF\EM\EM_SP4.OBJ   
EM_SP5             HK3:0001F16C         HK3:0001F9AD  C:\AOF\EM\EM_SP5.OBJ   
EM_SCLIM           HK3:0001F9AE         HK3:0001FA9D  C:\AOF\EM\EM_SCLIM.OBJ   
EM_SP6             HK3:0001FA9E         HK3:0001FB85  C:\AOF\EM\EM_SP6.OBJ   
EM_SP7             HK3:0001FB86         HK3:0001FC6B  C:\AOF\EM\EM_SP7.OBJ   
EM_SP8             HK3:0001FC6C         HK3:0001FD3D  C:\AOF\EM\EM_SP8.OBJ   
EM_SP9             HK3:0001FD3E         HK3:0001FE43  C:\AOF\EM\EM_SP9.OBJ   
Microtec Research LNK68K  Version 7.0   Sun Jan 20 18:50:48 2019
    Page   3

EM_SP10            HK3:0001FE44         HK3:0001FF21  C:\AOF\EM\EM_SP10.OBJ   
EM_SP11            HK3:0001FF22         HK3:00020023  C:\AOF\EM\EM_SP11.OBJ   
EM_SP1H            HK3:00020024         HK3:000200F9  C:\AOF\EM\EM_SP1H.OBJ   
EM_SP2H            HK3:000200FA         HK3:000201E3  C:\AOF\EM\EM_SP2H.OBJ   
EM_SP3H            HK3:000201E4         HK3:000202C9  C:\AOF\EM\EM_SP3H.OBJ   
EM_SP4H            HK3:000202CA         HK3:0002039F  C:\AOF\EM\EM_SP4H.OBJ   
EM_SP5H            HK3:000203A0         HK3:00020B09  C:\AOF\EM\EM_SP5H.OBJ   
EM_SP6H            HK3:00020B0A         HK3:00020BEF  C:\AOF\EM\EM_SP6H.OBJ   
EM_SP7H            HK3:00020BF0         HK3:00020CD1  C:\AOF\EM\EM_SP7H.OBJ   
EM_SP8H            HK3:00020CD2         HK3:00020DA7  C:\AOF\EM\EM_SP8H.OBJ   
EM_SP9H            HK3:00020DA8         HK3:00020E59  C:\AOF\EM\EM_SP9H.OBJ   
EM_SP10H           HK3:00020E5A         HK3:00020F3B  C:\AOF\EM\EM_SP10H.OBJ   
EM_SP11H           HK3:00020F3C         HK3:00021009  C:\AOF\EM\EM_SP11H.OBJ   
EMH_SCLI           HK3:0002100A         HK3:000210F9  C:\AOF\EM\EMH_SCLIM.OBJ   
EM1_TBL            HK3:000210FA         HK3:000214ED  C:\AOF\EM\EM1_TBL.OBJ   
EM2_TBL            HK3:000214EE         HK3:0002192B  C:\AOF\EM\EM2_TBL.OBJ   
EM3_TBL            HK3:0002192C         HK3:00021E5B  C:\AOF\EM\EM3_TBL.OBJ   
EM4_TBL            HK3:00021E5C         HK3:000223A0  C:\AOF\EM\EM4_TBL.OBJ   
EM5_TBL            HK3:000223A2         HK3:00022907  C:\AOF\EM\EM5_TBL.OBJ   
EM6_TBL            HK3:00022908         HK3:00022EB8  C:\AOF\EM\EM6_TBL.OBJ   
EM7_TBL            HK3:00022EBA         HK3:0002311C  C:\AOF\EM\EM7_TBL.OBJ   
EM8_TBL            HK3:0002311E         HK3:0002365D  C:\AOF\EM\EM8_TBL.OBJ   
MOTION             HK3:0002365E         HK3:000236C5  C:\AOF\EM\MOTION.OBJ   
EM_PACK            HK3:000236C6         HK3:00024DBB  C:\AOF\EM\EM_PACK.OBJ   
NEWS               HK3:00024DBC         HK3:00025003  C:\AOF\EM\NEWS.OBJ   
                  WORK:00100000        WORK:0010FFFF      



START ADDRESS:   00000000

Link Completed 
