Microtec Research LNK68K  Version 7.0   Thu Jan 23 21:04:46 2014    Page   1

Command line: C:\ASM68K\LNK68K.EXE  -c CHARA.CMD -m 

LIST D
*MAKE  ABS CHARAL
*MAKE  @echo .
*MAKE  @echo .

*MAKE !if $d(CH_MAC)
*MAKE CH_MAC=CH_MAC.INC
*MAKE !endif

*MAKE !if $d(SCODE)
*MAKE SCODE=SCODE.INC
*MAKE !endif

SECT CHARA=26000H
LOAD CH_TBL,CH_TIT,CH_BACK
LOAD CH_H1N,CH_H1A,CH_H1D
LOAD CH_H2N,CH_H2A,CH_H2D
LOAD CH_E1N,CH_E1A,CH_E1D
LOAD CH_E2N,CH_E2A,CH_E2D
LOAD CH_E3N,CH_E3A,CH_E3D
LOAD CH_E4N,CH_E4A,CH_E4D
LOAD CH_E5N,CH_E5A,CH_E5D
LOAD CH_E6N,CH_E6A,CH_E6D
LOAD CH_E7N,CH_E7A,CH_E7D
LOAD CH_E8N,CH_E8A,CH_E8D
LOAD CH_TEST,CH_ETC,CH_DEMO
END
Microtec Research LNK68K  Version 7.0   Thu Jan 23 21:04:46 2014
    Page   2



OUTPUT MODULE NAME:    CHARA
OUTPUT MODULE FORMAT:  IEEE


SECTION SUMMARY
---------------

SECTION    ATTRIBUTE                     START      END        LENGTH     ALIGN

CHARA      NORMAL DATA                   00026000   0003AA97   00014A98   2 (WORD)  


MODULE SUMMARY
--------------

MODULE         SECTION:START        SECTION:END       FILE

CH_TBL           CHARA:00026000       CHARA:00026D27  C:\AOF\CHARA\CH_TBL.OBJ   
CH_TIT           CHARA:00026D28       CHARA:00027363  C:\AOF\CHARA\CH_TIT.OBJ   
CH_BACK          CHARA:00027364       CHARA:00027619  C:\AOF\CHARA\CH_BACK.OBJ   
CH_H1N           CHARA:0002761A       CHARA:00028079  C:\AOF\CHARA\CH_H1N.OBJ   
CH_H1A           CHARA:0002807A       CHARA:0002910B  C:\AOF\CHARA\CH_H1A.OBJ   
CH_H1D           CHARA:0002910C       CHARA:00029B25  C:\AOF\CHARA\CH_H1D.OBJ   
CH_H2N           CHARA:00029B26       CHARA:0002A56F  C:\AOF\CHARA\CH_H2N.OBJ   
CH_H2A           CHARA:0002A570       CHARA:0002B5AB  C:\AOF\CHARA\CH_H2A.OBJ   
CH_H2D           CHARA:0002B5AC       CHARA:0002C007  C:\AOF\CHARA\CH_H2D.OBJ   
CH_E1N           CHARA:0002C008       CHARA:0002C721  C:\AOF\CHARA\CH_E1N.OBJ   
CH_E1A           CHARA:0002C722       CHARA:0002CCC7  C:\AOF\CHARA\CH_E1A.OBJ   
CH_E1D           CHARA:0002CCC8       CHARA:0002D605  C:\AOF\CHARA\CH_E1D.OBJ   
CH_E2N           CHARA:0002D606       CHARA:0002D991  C:\AOF\CHARA\CH_E2N.OBJ   
CH_E2A           CHARA:0002D992       CHARA:0002E0EB  C:\AOF\CHARA\CH_E2A.OBJ   
CH_E2D           CHARA:0002E0EC       CHARA:0002E6EB  C:\AOF\CHARA\CH_E2D.OBJ   
CH_E3N           CHARA:0002E6EC       CHARA:0002ECDB  C:\AOF\CHARA\CH_E3N.OBJ   
CH_E3A           CHARA:0002ECDC       CHARA:0002F773  C:\AOF\CHARA\CH_E3A.OBJ   
CH_E3D           CHARA:0002F774       CHARA:0002FFE3  C:\AOF\CHARA\CH_E3D.OBJ   
CH_E4N           CHARA:0002FFE4       CHARA:000305E1  C:\AOF\CHARA\CH_E4N.OBJ   
CH_E4A           CHARA:000305E2       CHARA:0003110F  C:\AOF\CHARA\CH_E4A.OBJ   
CH_E4D           CHARA:00031110       CHARA:00031BCB  C:\AOF\CHARA\CH_E4D.OBJ   
CH_E5N           CHARA:00031BCC       CHARA:0003238F  C:\AOF\CHARA\CH_E5N.OBJ   
CH_E5A           CHARA:00032390       CHARA:00032DD9  C:\AOF\CHARA\CH_E5A.OBJ   
CH_E5D           CHARA:00032DDA       CHARA:000337CD  C:\AOF\CHARA\CH_E5D.OBJ   
CH_E6N           CHARA:000337CE       CHARA:00033CC5  C:\AOF\CHARA\CH_E6N.OBJ   
CH_E6A           CHARA:00033CC6       CHARA:00034B23  C:\AOF\CHARA\CH_E6A.OBJ   
CH_E6D           CHARA:00034B24       CHARA:0003551D  C:\AOF\CHARA\CH_E6D.OBJ   
CH_E7N           CHARA:0003551E       CHARA:00035BAD  C:\AOF\CHARA\CH_E7N.OBJ   
CH_E7A           CHARA:00035BAE       CHARA:00036365  C:\AOF\CHARA\CH_E7A.OBJ   
CH_E7D           CHARA:00036366       CHARA:00036CC1  C:\AOF\CHARA\CH_E7D.OBJ   
CH_E8N           CHARA:00036CC2       CHARA:00037461  C:\AOF\CHARA\CH_E8N.OBJ   
CH_E8A           CHARA:00037462       CHARA:000380B7  C:\AOF\CHARA\CH_E8A.OBJ   
CH_E8D           CHARA:000380B8       CHARA:000389E5  C:\AOF\CHARA\CH_E8D.OBJ   
CH_TEST          CHARA:000389E6       CHARA:00039437  C:\AOF\CHARA\CH_TEST.OBJ   
CH_ETC           CHARA:00039438       CHARA:00039ED1  C:\AOF\CHARA\CH_ETC.OBJ   
Microtec Research LNK68K  Version 7.0   Thu Jan 23 21:04:46 2014
    Page   3

CH_DEMO          CHARA:00039ED2       CHARA:0003AA97  C:\AOF\CHARA\CH_DEMO.OBJ   



START ADDRESS:   00000000

Link Completed 
